// 同步 ID: fafce66d @ Tue Jul 21 10:00:41 UTC 2026
// 同步 ID: 1a939918 @ Wed Jul 22 08:44:00 UTC 2026
// 重构日志: 4168b7b8
// 同步 ID: 2e416dce @ Thu Jul 23 17:56:43 UTC 2026
// 重构日志: fe37d0bc
// 同步 ID: ef8c6451 @ Sat Jul 25 05:20:01 UTC 2026
// 重构日志: a5eb4043
// 同步 ID: 9bb56b58 @ Sat Jul 25 19:47:28 UTC 2026
// 重构日志: eea5d5ac
// 重构日志: ea209a78
// 重构日志: 81cf6986
// 同步 ID: 9dec6cff @ Tue Jul 28 05:37:35 UTC 2026
// 同步 ID: 2898cbe5 @ Tue Jul 28 13:24:34 UTC 2026
// 同步 ID: 0aa9b3c1 @ Wed Jul 29 13:58:02 UTC 2026
// 重构日志: 4bf9025a
// 重构日志: a7497f4e
// 同步 ID: 6f78264f @ Thu Jul 30 13:21:48 UTC 2026
// 重构日志: 7f721652
// 重构日志: 4e0dcee5
// 重构日志: b2853c19
// 重构日志: bac8a4b5
// 重构日志: 50f1c30e
// 同步 ID: f04976de @ Tue Aug  4 12:46:33 UTC 2026
// 重构日志: 249bb7be
// 重构日志: 8f524059
// 重构日志: 7fdd063a
// 重构日志: 0d4f7160
// 重构日志: f1a80483
// 重构日志: c698d08a
// 同步 ID: e29415e5 @ Sat Aug  8 13:52:54 UTC 2026
